../Core/Src/CLI.c:35:5:__io_getchar	16	static
../Core/Src/CLI.c:42:5:__io_putchar	16	static
../Core/Src/CLI.c:49:6:uart_hal_rx_CLI_buffer_init	4	static
../Core/Src/CLI.c:58:9:uart_hal_CLI_getchar	16	static
../Core/Src/CLI.c:85:6:uart_hal_rx_CLI_monitor	8	static
../Core/Src/CLI.c:651:6:AT_Test	16	static
../Core/Src/CLI.c:659:6:Wifi_Reset_func	24	static
../Core/Src/CLI.c:667:6:CWMode_func	104	static
../Core/Src/CLI.c:677:6:AP_Connection_func	104	static
../Core/Src/CLI.c:687:6:Wifi_Get_IP	24	static
../Core/Src/CLI.c:695:6:Multi_connection_mode	104	static
../Core/Src/CLI.c:705:6:Client_to_Server_Connection	104	static
../Core/Src/CLI.c:715:6:Server_Mode_Setting	104	static
../Core/Src/CLI.c:733:6:Connection_Close	104	static
../Core/Src/CLI.c:743:6:WifiStatus	96	static
../Core/Src/CLI.c:752:10:Start_Index_Addr_cal	24	static
../Core/Src/CLI.c:763:6:Ready_Send_Echo	96	static
../Core/Src/CLI.c:774:6:ECHO	56	static
../Core/Src/CLI.c:781:6:Ready_Send_Sensor_OP	96	static
../Core/Src/CLI.c:792:6:Hand_Sensor_OP	48	static
../Core/Src/CLI.c:799:6:Hand_Name_list	48	static
../Core/Src/CLI.c:821:6:Hand_OP_EEPROM_Index_Read	88	static
../Core/Src/CLI.c:927:6:Run_Hand_Calibration	8	static
../Core/Src/CLI.c:939:6:EEPROM_ALL_Clear	80	static
../Core/Src/CLI.c:961:6:EEPROM_Index_Read	80	static
../Core/Src/CLI.c:1013:6:EEPROM_Index_Clear	80	static
../Core/Src/CLI.c:1071:6:EEPROM_Read	80	static
../Core/Src/CLI.c:1090:6:Ready_Onetime_rx_Send	96	static
../Core/Src/CLI.c:1101:6:Onetime_rx_Send	48	static
../Core/Src/CLI.c:1108:6:Ready_Onetime_Error_Send	96	static
../Core/Src/CLI.c:1119:6:Onetime_Error_Send	40	static
../Core/Src/CLI.c:1126:6:Ready_Realtime_rx_Send	96	static
../Core/Src/CLI.c:1137:6:Realtime_rx_Send	48	static
../Core/Src/CLI.c:1144:6:UART_Menu	8	static
../Core/Src/CLI.c:1158:6:UART_Menu1	8	static
../Core/Src/CLI.c:1186:6:UART_Menu2	8	static
../Core/Src/CLI.c:1214:6:Menu_Tree	24	static
../Core/Src/CLI.c:1228:6:CWMode_Sub_Menu_Tree	64	static
../Core/Src/CLI.c:1237:6:AP_Sub_Menu_Tree	32	static
../Core/Src/CLI.c:1258:6:Server_connection_Sub_Menu_Tree	56	static
../Core/Src/CLI.c:1279:6:Server_mode_Sub_Menu_Tree	88	static
../Core/Src/CLI.c:1299:6:Multi_Sub_Menu_Tree	64	static
../Core/Src/CLI.c:1308:6:Server_Close_Sub_Menu_Tree	72	static
../Core/Src/CLI.c:1317:6:Index_Clear_Sub_Menu_Tree	48	static
../Core/Src/CLI.c:1325:6:Sensor_OP_Sub_Menu_Tree	56	static
../Core/Src/CLI.c:1333:9:ascii2hex	24	static
../Core/Src/CLI.c:1354:16:ascii_to_hex	40	static
../Core/Src/CLI.c:1415:6:str2hex	32	static
../Core/Src/CLI.c:1442:6:hex2str	24	static
../Core/Src/CLI.c:1464:6:map	24	static
../Core/Src/CLI.c:1471:7:mapArduino	32	static
