../Core/Src/IMU.c:23:6:MPU6050_Writebyte	32	static
../Core/Src/IMU.c:28:6:MPU6050_Writebytes	32	static
../Core/Src/IMU.c:33:6:MPU6050_Readbyte	32	static
../Core/Src/IMU.c:38:6:MPU6050_Readbytes	32	static
../Core/Src/IMU.c:43:6:MPU6050_Initialization	16	static
../Core/Src/IMU.c:127:6:ALL_IMU_Initialization	8	static
../Core/Src/IMU.c:143:6:MPU6050_Get6AxisRawData	32	static
../Core/Src/IMU.c:159:6:MPU6050_Get_LSB_Sensitivity	16	static
../Core/Src/IMU.c:194:6:MPU6050_DataConvert	16	static
../Core/Src/IMU.c:211:6:MPU6050_ProcessData	16	static
../Core/Src/IMU.c:217:6:calibration	48	static
../Core/Src/IMU.c:253:6:ALL_IMU_Calibration_Save	128	static
../Core/Src/IMU.c:323:6:ALL_IMU_Calibration_Read	96	static
../Core/Src/IMU.c:361:6:readRaw	48	static
../Core/Src/IMU.c:385:6:complementary	64	static
../Core/Src/IMU.c:531:6:kalmanFilter	40	static
../Core/Src/IMU.c:556:6:kalman	64	static
../Core/Src/IMU.c:573:6:kalman1	64	static
../Core/Src/IMU.c:590:6:kalman2	64	static
../Core/Src/IMU.c:607:6:kalman3	64	static
../Core/Src/IMU.c:624:6:kalman4	64	static
../Core/Src/IMU.c:641:6:IMU_process	8	static
